<html>
<body>
<pre>
<h1>µVision Build Log</h1>
<h2>Tool Versions:</h2>
IDE-Version: µVision V5.29.0.0
Copyright (C) 2019 ARM Ltd and ARM Germany GmbH. All rights reserved.
License Information: Mostafa Amgad, asu, LIC=----
 
Tool Versions:
Toolchain:       MDK-Lite  Version: 5.29.0.0
Toolchain Path:  C:\Keil_v5\ARM\ARMCC\Bin
C Compiler:      Armcc.exe V5.06 update 6 (build 750)
Assembler:       Armasm.exe V5.06 update 6 (build 750)
Linker/Locator:  ArmLink.exe V5.06 update 6 (build 750)
Library Manager: ArmAr.exe V5.06 update 6 (build 750)
Hex Converter:   FromElf.exe V5.06 update 6 (build 750)
CPU DLL:         SARMCM3.DLL V5.29.0.0
Dialog DLL:      DCM.DLL V1.17.3.0
Target DLL:      UL2CM3.DLL V1.163.0.0
Dialog DLL:      TCM.DLL V1.36.5.0
 
<h2>Project:</h2>
C:\Users\mosta\Downloads\AUTOSAR\ADC Driver (Tiva)\ADC Project.uvprojx
Project File Date:  06/21/2020

<h2>Output:</h2>
*** Using Compiler 'V5.06 update 6 (build 750)', folder: 'C:\Keil_v5\ARM\ARMCC\Bin'
Rebuild target 'Target 1'
assembling startup_TM4C123.s...
compiling Adc_PBcfg.c...
MCAL\Adc Driver\../Std_Types/Compiler.h(14): warning:  #1-D: last line of file ends without a newline
  #endif
MCAL\Adc Driver\../Std_Types/Platform_Types.h(58): warning:  #1-D: last line of file ends without a newline
  #endif
MCAL\Adc Driver\Adc_TypeDefs.h(243): warning:  #1-D: last line of file ends without a newline
  #endif
MCAL\Adc Driver\Adc_Cfg.h(142): warning:  #1-D: last line of file ends without a newline
  #endif
MCAL\Adc Driver\Adc.h(154): warning:  #1-D: last line of file ends without a newline
  #endif
MCAL\Adc Driver\Adc_PBcfg.c(136): warning:  #1-D: last line of file ends without a newline
  };
MCAL\Adc Driver\Adc_PBcfg.c: 6 warnings, 0 errors
compiling Adc.c...
MCAL\Adc Driver\../Std_Types/Compiler.h(14): warning:  #1-D: last line of file ends without a newline
  #endif
MCAL\Adc Driver\../Std_Types/Platform_Types.h(58): warning:  #1-D: last line of file ends without a newline
  #endif
MCAL\Adc Driver\Adc_TypeDefs.h(243): warning:  #1-D: last line of file ends without a newline
  #endif
MCAL\Adc Driver\Adc_Reg.h(239): warning:  #1-D: last line of file ends without a newline
  #endif
MCAL\Adc Driver\Adc_Cfg.h(142): warning:  #1-D: last line of file ends without a newline
  #endif
MCAL\Adc Driver\Adc.h(154): warning:  #1-D: last line of file ends without a newline
  #endif
MCAL\Adc Driver\Adc.c(7): warning:  #47-D: incompatible redefinition of macro "ADC_MODULE_ID"  (declared at line 16 of "MCAL\Adc Driver\Adc.h")
  #define ADC_MODULE_ID 					(uint16)123		/* List of Basic Software Modules */
MCAL\Adc Driver\Adc.c(8): warning:  #47-D: incompatible redefinition of macro "ADC_INSTANCE_ID"  (declared at line 19 of "MCAL\Adc Driver\Adc.h")
  #define ADC_INSTANCE_ID 				(uint8)0		/* on;y one adc driver */
MCAL\Adc Driver\Adc.c(163): warning:  #550-D: variable "delay"  was set but never used
  	uint32 delay;    /* used in waiting 3 cycles till clock is on */
MCAL\Adc Driver\Adc.c(165): warning:  #177-D: variable "ChannelGroupPtr"  was declared but never referenced
  	Adc_ChannelGroupConfigType* ChannelGroupPtr;
MCAL\Adc Driver\Adc.c(279): warning:  #550-D: variable "ChannelGroupPtr"  was set but never used
  	Adc_ChannelGroupConfigType* ChannelGroupPtr;
MCAL\Adc Driver\Adc.c(366): warning:  #550-D: variable "Adc_Status"  was set but never used
  	Adc_StatusType Adc_Status = ADC_IDLE;
MCAL\Adc Driver\Adc.c(447): warning:  #177-D: variable "ChannelGroupPtr"  was declared but never referenced
  	Adc_ChannelGroupConfigType* ChannelGroupPtr=&Adc_ChannelGroupConfig[Group];
MCAL\Adc Driver\Adc.c(489): warning:  #177-D: variable "ChannelGroupPtr"  was declared but never referenced
  	Adc_ChannelGroupConfigType* ChannelGroupPtr=&Adc_ChannelGroupConfig[Group];
MCAL\Adc Driver\Adc.c(56): warning:  #550-D: variable "Adc_ChannelGroupNumInputChannel"  was set but never used
  static uint8 Adc_ChannelGroupNumInputChannel[8]={0};
MCAL\Adc Driver\Adc.c(63): warning:  #550-D: variable "Adc_ChannelGroupNotificEnabled"  was set but never used
  static boolean Adc_ChannelGroupNotificEnabled[8];
MCAL\Adc Driver\Adc.c(66): warning:  #550-D: variable "Adc_resultBufferInit"  was set but never used
  static boolean Adc_resultBufferInit[8];
MCAL\Adc Driver\Adc.c(73): warning:  #550-D: variable "Adc_DriverState"  was set but never used
  static Adc_DriverStateType Adc_DriverState = ADC_DRIVER_NOT_INIT; 
MCAL\Adc Driver\Adc.c(139): warning:  #177-D: variable "GroupToHandler"  was declared but never referenced
  static uint8 GroupToHandler[2][4]={{0}};
MCAL\Adc Driver\Adc.c: 19 warnings, 0 errors
compiling system_TM4C123.c...
linking...
Program Size: Code=1848 RO-data=772 RW-data=168 ZI-data=704  
".\Objects\ADC Project.axf" - 0 Error(s), 25 Warning(s).

<h2>Software Packages used:</h2>

Package Vendor: ARM
                http://www.keil.com/pack/ARM.CMSIS.5.6.0.pack
                ARM.CMSIS.5.6.0
                CMSIS (Cortex Microcontroller Software Interface Standard)
   * Component: CORE Version: 5.3.0

Package Vendor: Keil
                http://www.keil.com/pack/Keil.TM4C_DFP.1.1.0.pack
                Keil.TM4C_DFP.1.1.0
                Texas Instruments Tiva C Series Device Support and Examples
   * Component: Startup Version: 1.0.1

<h2>Collection of Component include folders:</h2>
  .\RTE\_Target_1
  C:\Users\mosta\AppData\Local\Arm\Packs\ARM\CMSIS\5.6.0\CMSIS\Core\Include
  C:\Users\mosta\AppData\Local\Arm\Packs\Keil\TM4C_DFP\1.1.0\Device\Include\TM4C123

<h2>Collection of Component Files used:</h2>

   * Component: ARM::CMSIS:CORE:5.3.0

   * Component: Keil::Device:Startup:1.0.1
      Source file:   Device\Source\system_TM4C123.c
      Source file:   Device\Source\ARM\startup_TM4C123.s
      Include file:  Device\Include\TM4C123\TM4C123.h
Build Time Elapsed:  00:00:01
</pre>
</body>
</html>
